{
  "level": "info",
  "msg": "hasuraenv",
  "time": "2022-10-10T22:56:16+09:00",
  "version": "v0.0.2"
}
